./plugins/optipng/generated/plugins/other-plugin/generated/example.png ./plugins/optipng/generated/plugins/other-plugin/generated/example-2.png
