./plugins/optipng/generated/plugins/other-plugin/generated/example.png
